[buzzworthystudio.com/index.html]
[backblue.gif]
[fade.gif]
[index.html]
[buzzworthystudio.com/favicon.ico]
[buzzworthystudio.com/css/styles.css]
[buzzworthystudio.com/img/buzzworthy-logo.svg]
[buzzworthystudio.com/img/logo-framing.png]
[buzzworthystudio.com/hireus.html]
[buzzworthystudio.com/img/icon-hireus.png]
[buzzworthystudio.com/img/navigation/work.jpg]
[buzzworthystudio.com/img/navigation/studio.jpg]
[buzzworthystudio.com/img/navigation/team.jpg]
[buzzworthystudio.com/img/navigation/contact.jpg]
[buzzworthystudio.com/img/navigation/funzone.jpg]
[buzzworthystudio.com/studio.html]
[buzzworthystudio.com/team.html]
[buzzworthystudio.com/contact.html]
[buzzworthystudio.com/funhouse.html]
[buzzworthystudio.com/img/_portfolio/p-helias.jpg]
[buzzworthystudio.com/project-helias.html]
[buzzworthystudio.com/project-snooze.html]
[buzzworthystudio.com/img/_portfolio/p-snooze.jpg]
[buzzworthystudio.com/project-betches.html]
[buzzworthystudio.com/img/_portfolio/p-betches.jpg]
[buzzworthystudio.com/project-allpro.html]
[buzzworthystudio.com/img/_portfolio/p-allpro.jpg]
[buzzworthystudio.com/project-cornerstone.html]
[buzzworthystudio.com/img/_portfolio/p-cornerstone.jpg]
[buzzworthystudio.com/project-taylor.html]
[buzzworthystudio.com/img/_portfolio/p-taylor.jpg]
[buzzworthystudio.com/img/_portfolio/p-modernmd.jpg]
[buzzworthystudio.com/project-modernmd.html]
[buzzworthystudio.com/project-storyverse.html]
[buzzworthystudio.com/img/_portfolio/p-storyverse.jpg]
[buzzworthystudio.com/project-gts.html]
[buzzworthystudio.com/img/_portfolio/p-gts.jpg]
[buzzworthystudio.com/project-hennessey.html]
[buzzworthystudio.com/img/_portfolio/p-hennessey.jpg]
[buzzworthystudio.com/img/icon-hireus.gif]
[buzzworthystudio.com/js/js-dist.js]
[buzzworthystudio.com/index.html]
[buzzworthystudio.com/img/blog/img-arrow.svg]
[buzzworthystudio.com/js/main.js]
[buzzworthystudio.com/img/img-arrow.svg]
[buzzworthystudio.com/img/video-play-icon.svg]
[buzzworthystudio.com/img/video-close-icon.svg]
[buzzworthystudio.com/img/projects/helias/sale-arrow.svg]
[buzzworthystudio.com/img/projects/helias/challenge-wave-top.png]
[buzzworthystudio.com/img/projects/helias/blend-bg.png]
[buzzworthystudio.com/img/projects/helias/mobile-bg.png]
[buzzworthystudio.com/img/projects/snooze/blue-bg.png]
[buzzworthystudio.com/img/projects/snooze/img-arrow.svg]
[buzzworthystudio.com/img/projects/snooze/grey-bg.png]
[buzzworthystudio.com/img/projects/snooze/sales-bg.png]
[buzzworthystudio.com/img/projects/snooze/sale-arrow.svg]
[buzzworthystudio.com/img/projects/storyverse/img-arrow.svg]
[buzzworthystudio.com/img/projects/storyverse/ux-skew.svg]
[buzzworthystudio.com/img/projects/storyverse/ux-slide-1.png]
[buzzworthystudio.com/img/projects/storyverse/ux-slide-2.png]
[buzzworthystudio.com/img/projects/storyverse/ux-slide-3.png]
[buzzworthystudio.com/img/projects/storyverse/ux-slide-4.png]
[buzzworthystudio.com/img/projects/modernmd/img-arrow.svg]
[buzzworthystudio.com/img/projects/taylor/img-arrow.svg]
[buzzworthystudio.com/img/projects/taylor/bg-parallax.png]
[buzzworthystudio.com/img/projects/cornerstone/pattern.png]
[buzzworthystudio.com/img/projects/cornerstone/img-arrow.svg]
[buzzworthystudio.com/img/projects/allpro/img-arrow.svg]
[buzzworthystudio.com/img/projects/allpro/video-play-icon.svg]
[buzzworthystudio.com/img/projects/allpro/striped-circle.svg]
[buzzworthystudio.com/img/projects/gts/img-arrow.svg]
[buzzworthystudio.com/img/projects/gts/hero-img.jpg]
[buzzworthystudio.com/img/projects/hennessey/main-bg.png]
[buzzworthystudio.com/img/projects/hennessey/img-arrow.svg]
[buzzworthystudio.com/img/form/bg-bottom.png]
[buzzworthystudio.com/img/form/icon-selected.png]
[buzzworthystudio.com/img/form/ui-slider-left.svg]
[buzzworthystudio.com/img/form/ui-slider-right.svg]
[buzzworthystudio.com/img/studio/awards.png]
[buzzworthystudio.com/img/img-bridge.png]
[buzzworthystudio.com/img/wip-hero-bg.png]
[buzzworthystudio.com/img/_svg/social-facebook.svg]
[buzzworthystudio.com/img/_svg/social-buzzworthy.svg]
[buzzworthystudio.com/img/_svg/social-instagram.svg]
[buzzworthystudio.com/img/_svg/social-twitter.svg]
[buzzworthystudio.com/img/_svg/social-dribbble.svg]
[buzzworthystudio.com/img/_svg/social-behance.svg]
[buzzworthystudio.com/img/_svg/social-linkedin.svg]
[buzzworthystudio.com/css/styles.css]
[buzzworthystudio.com/img/buzzworthy-logo.svg]
[buzzworthystudio.com/img/form-close.svg]
[buzzworthystudio.com/img/form/icon-website.svg]
[buzzworthystudio.com/img/form/icon-ecommerce.svg]
[buzzworthystudio.com/img/form/icon-brand.svg]
[buzzworthystudio.com/img/form/icon-chat.svg]
[buzzworthystudio.com/img/form/icon-web-design.svg]
[buzzworthystudio.com/img/form/icon-web-code.svg]
[buzzworthystudio.com/hireus.html]
[buzzworthystudio.com/img/studio/dave-desk-1.jpg]
[buzzworthystudio.com/img/form/icon-web-both.svg]
[buzzworthystudio.com/img/studio/whiteboard-session-1x1.jpg]
[buzzworthystudio.com/img/studio/outside-1.jpg]
[buzzworthystudio.com/img/approach/icon-talk.png]
[buzzworthystudio.com/img/approach/icon-think.png]
[buzzworthystudio.com/img/approach/icon-design.png]
[buzzworthystudio.com/img/approach/icon-develop.png]
[buzzworthystudio.com/img/approach/icon-deploy.png]
[buzzworthystudio.com/img/approach/icon-support.png]
[buzzworthystudio.com/img/studio/aw-bs-w-sotd.png]
[buzzworthystudio.com/img/studio/aw-bs-cssda.png]
[buzzworthystudio.com/img/studio/aw-csswinner.png]
[buzzworthystudio.com/img/studio/aw-cssda-ui.png]
[buzzworthystudio.com/img/studio/aw-cssda-ux.png]
[buzzworthystudio.com/img/studio/aw-cssda-inn.png]
[buzzworthystudio.com/img/studio/aw-bs-w.png]
[buzzworthystudio.com/img/studio/aw-jm-cssda.png]
[buzzworthystudio.com/img/studio/aw-jm-w.png]
[buzzworthystudio.com/img/_svg/icon-swipe.svg]
[buzzworthystudio.com/img/_svg/icon-swipe-hand.svg]
[buzzworthystudio.com/img/studio/client-hover-wework.png]
[buzzworthystudio.com/img/studio/client-hover-bareburger.png]
[buzzworthystudio.com/img/studio/client-hover-betches.png]
[buzzworthystudio.com/img/studio/client-hover-storyverse.png]
[buzzworthystudio.com/img/studio/client-hover-allpro.png]
[buzzworthystudio.com/img/studio/client-hover-grapeseed.png]
[buzzworthystudio.com/img/studio/client-hover-taylor.png]
[buzzworthystudio.com/img/studio/client-hover-modernmd.png]
[buzzworthystudio.com/img/studio/img-poster.png]
[buzzworthystudio.com/img/studio/studio-team.png]
[buzzworthystudio.com/img/approach/icon-talk.gif]
[buzzworthystudio.com/img/approach/icon-think.gif]
[buzzworthystudio.com/img/approach/icon-design.gif]
[buzzworthystudio.com/img/approach/icon-develop.gif]
[buzzworthystudio.com/img/approach/icon-deploy.gif]
[buzzworthystudio.com/img/approach/icon-support.gif]
[buzzworthystudio.com/studio.html]
[buzzworthystudio.com/img/team/team-gary.jpg]
[buzzworthystudio.com/img/team/team-juraj.jpg]
[buzzworthystudio.com/img/team/circle-logo-text.gif]
[buzzworthystudio.com/img/team/team-marko.jpg]
[buzzworthystudio.com/img/team/team-matt.jpg]
[buzzworthystudio.com/img/team/team-darren.jpg]
[buzzworthystudio.com/img/team/team-dan.jpg]
[buzzworthystudio.com/img/team/team-cap-animation.gif]
[buzzworthystudio.com/img/team/team-bear.jpg]
[buzzworthystudio.com/img/team/team-dave.jpg]
[buzzworthystudio.com/img/team/team-janko.jpg]
[buzzworthystudio.com/img/team/team-jacob.jpg]
[buzzworthystudio.com/img/team/bag.png]
[buzzworthystudio.com/team.html]
[buzzworthystudio.com/contact.html]
[buzzworthystudio.com/img/img-work.png]
[buzzworthystudio.com/img/funzone/studio-video.mp4]
[buzzworthystudio.com/img/funzone/studio-video.jpg]
[buzzworthystudio.com/img/funzone/ww-hp.png]
[buzzworthystudio.com/img/funzone/cssda-bs.jpg]
[buzzworthystudio.com/img/funzone/dave-dance.mp4]
[buzzworthystudio.com/img/funzone/dave-dance.jpg]
[buzzworthystudio.com/img/funzone/motto-poster.jpg]
[buzzworthystudio.com/img/funzone/wework-creative-hp.mp4]
[buzzworthystudio.com/img/funzone/wework-creative-hp.95.delayed]
[buzzworthystudio.com/img/funzone/grapeseed.png]
[buzzworthystudio.com/img/funzone/trip-gary.jpg]
[buzzworthystudio.com/img/funzone/betches-brand.gif]
[buzzworthystudio.com/img/funzone/taylor-envelope.jpg]
[buzzworthystudio.com/img/funzone/rr-prototype.mp4]
[buzzworthystudio.com/img/funzone/hp-refined.jpg]
[buzzworthystudio.com/img/funzone/betches-monika.jpg]
[buzzworthystudio.com/img/funzone/ysg-brand.png]
[buzzworthystudio.com/img/funzone/whiteboard.jpg]
[buzzworthystudio.com/img/funzone/bzz-3d-logo.mp4]
[buzzworthystudio.com/img/funzone/ice-cold.png]
[buzzworthystudio.com/img/funzone/desk-working-allpro.jpg]
[buzzworthystudio.com/img/funzone/coronita.jpg]
[buzzworthystudio.com/img/funzone/social-animation.gif]
[buzzworthystudio.com/img/funzone/hp-refined.mp4]
[buzzworthystudio.com/img/funzone/dan-outside.jpg]
[buzzworthystudio.com/img/funzone/cheers-video.mp4]
[buzzworthystudio.com/img/funzone/cheers-video.jpg]
[buzzworthystudio.com/img/funzone/pizza.jpg]
[buzzworthystudio.com/img/funzone/team-caps.jpg]
[buzzworthystudio.com/img/funzone/remarkable.jpg]
[buzzworthystudio.com/funhouse.html]
[buzzworthystudio.com/img/funzone/story-verse.mp4]
[buzzworthystudio.com/img/projects/helias/hero-flask-1.png]
[buzzworthystudio.com/img/projects/helias/hero-flask-2.png]
[buzzworthystudio.com/img/projects/helias/hero-flask-3.png]
[buzzworthystudio.com/img/projects/helias/01-mood.jpg]
[buzzworthystudio.com/img/projects/helias/approach-flower.png]
[buzzworthystudio.com/img/projects/helias/approach-imac.jpg]
[buzzworthystudio.com/img/projects/helias/approach-about.png]
[buzzworthystudio.com/img/projects/helias/approach-hand.jpg]
[buzzworthystudio.com/img/projects/helias/approach-product.jpg]
[buzzworthystudio.com/img/projects/helias/challenge-oregano.png]
[buzzworthystudio.com/img/projects/helias/loading.mp4]
[buzzworthystudio.com/img/projects/helias/challenge-ing-bg.png]
[buzzworthystudio.com/img/projects/helias/challenge-ing-orange.png]
[buzzworthystudio.com/img/projects/helias/challenge-ingredients.png]
[buzzworthystudio.com/img/projects/helias/blend-sleep.png]
[buzzworthystudio.com/img/projects/helias/blend-calm.png]
[buzzworthystudio.com/img/projects/helias/blend-passion.png]
[buzzworthystudio.com/img/projects/helias/blend-energy.png]
[buzzworthystudio.com/img/projects/helias/slider-sleep-section.jpg]
[buzzworthystudio.com/img/projects/helias/slider-calm-section.jpg]
[buzzworthystudio.com/img/projects/helias/slider-passion-section.jpg]
[buzzworthystudio.com/img/projects/helias/slider-energy-section.jpg]
[buzzworthystudio.com/img/projects/helias/challenge-preview.jpg]
[buzzworthystudio.com/img/projects/helias/feature-distort.jpg]
[buzzworthystudio.com/img/projects/helias/feature-distort-fl-1.png]
[buzzworthystudio.com/img/projects/helias/feature-distort-fl-2.png]
[buzzworthystudio.com/img/projects/helias/feature-video-img.jpg]
[buzzworthystudio.com/img/projects/helias/feature-video-img-2.jpg]
[buzzworthystudio.com/img/projects/helias/scroll.mp4]
[buzzworthystudio.com/img/projects/helias/home.mp4]
[buzzworthystudio.com/img/projects/helias/navigation.mp4]
[buzzworthystudio.com/img/projects/helias/feature-basket-empty.png]
[buzzworthystudio.com/img/projects/helias/feature-basket.jpg]
[buzzworthystudio.com/img/projects/helias/mobile-right.png]
[buzzworthystudio.com/img/projects/helias/mobile-main.png]
[buzzworthystudio.com/img/projects/helias/demo.mp4]
[buzzworthystudio.com/img/projects/helias/awwwards-logo.svg]
[buzzworthystudio.com/img/projects/helias/cssda-logo.svg]
[buzzworthystudio.com/img/projects/helias/fwa-logo.svg]
[buzzworthystudio.com/img/projects/helias/service-lemon.png]
[buzzworthystudio.com/project-helias.html]
[buzzworthystudio.com/img/projects/helias/img-arrow.svg]
[buzzworthystudio.com/img/projects/snooze/main.jpg]
[buzzworthystudio.com/img/projects/snooze/alarm.svg]
[buzzworthystudio.com/img/projects/snooze/approach-img.jpg]
[buzzworthystudio.com/img/projects/snooze/approach-mobile.png]
[buzzworthystudio.com/img/projects/snooze/approach-icons.png]
[buzzworthystudio.com/img/projects/snooze/challenge-moon.svg]
[buzzworthystudio.com/img/projects/snooze/challenge-color.png]
[buzzworthystudio.com/img/projects/snooze/challenge-type.png]
[buzzworthystudio.com/img/projects/snooze/challenge-logo-1.png]
[buzzworthystudio.com/img/projects/snooze/challenge-logo-2.png]
[buzzworthystudio.com/img/projects/snooze/challenge-logo-3.png]
[buzzworthystudio.com/img/projects/snooze/challenge-pattern.png]
[buzzworthystudio.com/img/projects/snooze/physical-box-main.jpg]
[buzzworthystudio.com/img/projects/snooze/physical-hst.png]
[buzzworthystudio.com/img/projects/snooze/physical-oat.png]
[buzzworthystudio.com/img/projects/snooze/physical-bc.png]
[buzzworthystudio.com/img/projects/snooze/physical-brochure.png]
[buzzworthystudio.com/img/projects/snooze/physical-pages.png]
[buzzworthystudio.com/img/projects/snooze/website-oat.svg]
[buzzworthystudio.com/img/projects/snooze/website-main.jpg]
[buzzworthystudio.com/img/projects/snooze/website-screens.png]
[buzzworthystudio.com/img/projects/snooze/website-cloud.png]
[buzzworthystudio.com/img/projects/snooze/customers-icon.svg]
[buzzworthystudio.com/img/projects/snooze/website-slider-1.png]
[buzzworthystudio.com/img/projects/snooze/website-slider-2.png]
[buzzworthystudio.com/img/projects/snooze/website-slider-3.png]
[buzzworthystudio.com/img/projects/snooze/sales-1.png]
[buzzworthystudio.com/img/projects/snooze/sales-2.png]
[buzzworthystudio.com/img/projects/snooze/sales-3.png]
[buzzworthystudio.com/img/projects/snooze/mobiles-main.png]
[buzzworthystudio.com/img/projects/snooze/mobiles-middle.png]
[buzzworthystudio.com/img/projects/snooze/smile-blue.svg]
[buzzworthystudio.com/project-snooze.html]
[buzzworthystudio.com/img/projects/betches/hero-hand.png]
[buzzworthystudio.com/img/projects/betches/betches-white.svg]
[buzzworthystudio.com/img/projects/betches/icon-story.svg]
[buzzworthystudio.com/img/projects/betches/story-logo.svg]
[buzzworthystudio.com/img/projects/betches/story-sketch.png]
[buzzworthystudio.com/img/projects/betches/story-imac.png]
[buzzworthystudio.com/img/projects/betches/story-gif.gif]
[buzzworthystudio.com/img/projects/betches/icon-ux.svg]
[buzzworthystudio.com/img/projects/betches/ux-ipad.png]
[buzzworthystudio.com/img/projects/betches/icon-design.svg]
[buzzworthystudio.com/img/projects/betches/design-gif.gif]
[buzzworthystudio.com/img/projects/betches/design-feather.png]
[buzzworthystudio.com/img/projects/betches/design-font.png]
[buzzworthystudio.com/img/projects/betches/design-bc.png]
[buzzworthystudio.com/img/projects/betches/design-icons.png]
[buzzworthystudio.com/img/projects/betches/design-letterhead.png]
[buzzworthystudio.com/img/projects/betches/design-sketch.png]
[buzzworthystudio.com/img/projects/betches/design-macbook-pro.png]
[buzzworthystudio.com/img/projects/betches/design-phone-case.png]
[buzzworthystudio.com/img/projects/betches/design-gif-2.gif]
[buzzworthystudio.com/img/projects/betches/design-gif-3.gif]
[buzzworthystudio.com/img/projects/betches/design-phrase.png]
[buzzworthystudio.com/img/projects/betches/design-phone-screen.png]
[buzzworthystudio.com/img/projects/betches/design-lips.png]
[buzzworthystudio.com/img/projects/betches/design-pizza.png]
[buzzworthystudio.com/img/projects/betches/design-phone-window.png]
[buzzworthystudio.com/img/projects/betches/design-macbook-white.png]
[buzzworthystudio.com/img/projects/betches/design-video-stats.png]
[buzzworthystudio.com/img/projects/betches/design-phone-white-1.png]
[buzzworthystudio.com/img/projects/betches/design-phone-white-2.png]
[buzzworthystudio.com/img/projects/betches/design-gif-4.gif]
[buzzworthystudio.com/img/projects/betches/design-notes.png]
[buzzworthystudio.com/img/projects/betches/design-podcast.png]
[buzzworthystudio.com/img/projects/betches/design-real-prev.png]
[buzzworthystudio.com/img/projects/betches/icon-develop.svg]
[buzzworthystudio.com/img/projects/betches/img-arrow.svg]
[buzzworthystudio.com/project-betches.html]
[buzzworthystudio.com/img/projects/allpro/intro-prototype.mp4]
[buzzworthystudio.com/img/projects/allpro/intro-prototype.jpg]
[buzzworthystudio.com/img/projects/allpro/icon-story.svg]
[buzzworthystudio.com/img/projects/allpro/story-img.jpg]
[buzzworthystudio.com/img/projects/allpro/story-imac.png]
[buzzworthystudio.com/img/projects/allpro/story-ball.png]
[buzzworthystudio.com/img/projects/allpro/photo-slide-1.jpg]
[buzzworthystudio.com/img/projects/allpro/photo-slide-2.jpg]
[buzzworthystudio.com/img/projects/allpro/photo-slide-3.jpg]
[buzzworthystudio.com/img/projects/allpro/photo-slide-4.jpg]
[buzzworthystudio.com/img/projects/allpro/icon-ux.svg]
[buzzworthystudio.com/img/projects/allpro/ux-img.png]
[buzzworthystudio.com/img/projects/allpro/icon-design.svg]
[buzzworthystudio.com/img/projects/allpro/design-multi-bat.jpg]
[buzzworthystudio.com/img/projects/allpro/design-multi-ball.png]
[buzzworthystudio.com/img/projects/allpro/design-multi-ipad.png]
[buzzworthystudio.com/img/projects/allpro/design-multi-macbook.png]
[buzzworthystudio.com/img/projects/allpro/design-multi-iphone.png]
[buzzworthystudio.com/img/projects/allpro/design-theme.jpg]
[buzzworthystudio.com/img/projects/allpro/video-placeholder.jpg]
[buzzworthystudio.com/img/projects/allpro/design-mobile-3.png]
[buzzworthystudio.com/img/projects/allpro/design-mobile-gloves.png]
[buzzworthystudio.com/img/projects/allpro/design-mobile-1.png]
[buzzworthystudio.com/img/projects/allpro/design-mobile-2.png]
[buzzworthystudio.com/img/projects/allpro/design-ui-1.jpg]
[buzzworthystudio.com/img/projects/allpro/design-ui-2.png]
[buzzworthystudio.com/img/projects/allpro/design-slider-slide-1.png]
[buzzworthystudio.com/img/projects/allpro/design-slider-slide-2.png]
[buzzworthystudio.com/img/projects/allpro/design-slider-slide-3.png]
[buzzworthystudio.com/img/projects/allpro/design-slider-slide-4.png]
[buzzworthystudio.com/img/projects/allpro/design-slider-slide-5.png]
[buzzworthystudio.com/img/projects/allpro/icon-develop.svg]
[buzzworthystudio.com/project-allpro.html]
[buzzworthystudio.com/img/projects/cornerstone/main-img-slide-1.jpg]
[buzzworthystudio.com/img/projects/img-arrow.svg]
[buzzworthystudio.com/img/projects/cornerstone/main-img-slide-2.jpg]
[buzzworthystudio.com/img/projects/cornerstone/main-img-slide-3.jpg]
[buzzworthystudio.com/img/projects/cornerstone/main-img-slide-4.jpg]
[buzzworthystudio.com/img/projects/cornerstone/main-img-slide-5.jpg]
[buzzworthystudio.com/img/projects/cornerstone/main-img-slide-6.jpg]
[buzzworthystudio.com/img/projects/cornerstone/icon-story.svg]
[buzzworthystudio.com/img/projects/cornerstone/story-img.jpg]
[buzzworthystudio.com/img/projects/cornerstone/story-ipad.png]
[buzzworthystudio.com/img/projects/cornerstone/story-icon.png]
[buzzworthystudio.com/img/projects/cornerstone/icon-ux.svg]
[buzzworthystudio.com/img/projects/cornerstone/ux-img.jpg]
[buzzworthystudio.com/img/projects/cornerstone/icon-design.svg]
[buzzworthystudio.com/img/projects/cornerstone/design-font.png]
[buzzworthystudio.com/img/projects/cornerstone/design-font-img-float-1.png]
[buzzworthystudio.com/img/projects/cornerstone/design-font-img-float-2.png]
[buzzworthystudio.com/img/projects/cornerstone/design-font-choice.png]
[buzzworthystudio.com/img/projects/cornerstone/design-full-img.jpg]
[buzzworthystudio.com/img/projects/cornerstone/design-slider-slide-1.png]
[buzzworthystudio.com/img/projects/cornerstone/design-slider-slide-2.png]
[buzzworthystudio.com/img/projects/cornerstone/design-slider-slide-3.png]
[buzzworthystudio.com/img/projects/cornerstone/design-slider-slide-4.png]
[buzzworthystudio.com/img/projects/cornerstone/design-ui-1-icon.svg]
[buzzworthystudio.com/img/projects/cornerstone/design-ui-imgs.png]
[buzzworthystudio.com/img/projects/cornerstone/design-ui-1-circle.svg]
[buzzworthystudio.com/img/projects/cornerstone/design-ui-2.jpg]
[buzzworthystudio.com/img/projects/cornerstone/design-ui-2-icon.svg]
[buzzworthystudio.com/img/projects/cornerstone/design-imac.png]
[buzzworthystudio.com/img/projects/cornerstone/design-imac-img-1.png]
[buzzworthystudio.com/img/projects/cornerstone/design-imac-img-2.png]
[buzzworthystudio.com/img/projects/cornerstone/design-ui-3-circle.png]
[buzzworthystudio.com/img/projects/cornerstone/design-ui-3-img.png]
[buzzworthystudio.com/img/projects/cornerstone/design-ui-3-modal.png]
[buzzworthystudio.com/img/projects/cornerstone/design-video-img.jpg]
[buzzworthystudio.com/project-cornerstone.html]
[buzzworthystudio.com/img/projects/cornerstone/icon-develop.svg]
[buzzworthystudio.com/img/projects/taylor/logo-white.svg]
[buzzworthystudio.com/img/projects/taylor/icon-story.svg]
[buzzworthystudio.com/img/projects/taylor/story-shape.png]
[buzzworthystudio.com/img/projects/taylor/story-macbook.png]
[buzzworthystudio.com/img/projects/taylor/story-phone.png]
[buzzworthystudio.com/img/projects/taylor/icon-ux.svg]
[buzzworthystudio.com/img/projects/taylor/ux-sitemap.png]
[buzzworthystudio.com/img/projects/taylor/icon-design.svg]
[buzzworthystudio.com/img/projects/taylor/design-color-1.png]
[buzzworthystudio.com/img/projects/taylor/design-color-2.png]
[buzzworthystudio.com/img/projects/taylor/design-color-3.png]
[buzzworthystudio.com/img/projects/taylor/design-font.png]
[buzzworthystudio.com/img/projects/taylor/design-icon-sample.png]
[buzzworthystudio.com/img/projects/taylor/design-logo-slide-1.png]
[buzzworthystudio.com/img/projects/taylor/design-logo-slide-2.png]
[buzzworthystudio.com/img/projects/taylor/design-logo-slide-3.png]
[buzzworthystudio.com/img/projects/taylor/design-logo-slide-4.png]
[buzzworthystudio.com/img/projects/taylor/design-envelopes.jpg]
[buzzworthystudio.com/img/projects/taylor/design-letterhead.jpg]
[buzzworthystudio.com/img/projects/taylor/design-icon-sample-2.png]
[buzzworthystudio.com/img/projects/taylor/design-icon-sample-3.png]
[buzzworthystudio.com/img/projects/taylor/design-bag.png]
[buzzworthystudio.com/img/projects/taylor/design-ipad.png]
[buzzworthystudio.com/img/projects/taylor/design-iphone.png]
[buzzworthystudio.com/img/projects/taylor/design-ui-1.png]
[buzzworthystudio.com/img/projects/taylor/design-ui-video.mp4]
[buzzworthystudio.com/img/projects/taylor/design-ui-video.jpg]
[buzzworthystudio.com/img/projects/taylor/design-ui-2.png]
[buzzworthystudio.com/img/projects/taylor/design-perspective-shadow.png]
[buzzworthystudio.com/img/projects/taylor/design-perspective.png]
[buzzworthystudio.com/img/projects/taylor/design-ui-3.png]
[buzzworthystudio.com/img/projects/taylor/design-ui-4.png]
[buzzworthystudio.com/img/projects/taylor/design-ui-5.png]
[buzzworthystudio.com/img/projects/taylor/design-device-slide-1.png]
[buzzworthystudio.com/img/projects/taylor/design-device-slide-2.png]
[buzzworthystudio.com/img/projects/taylor/design-device-slide-3.png]
[buzzworthystudio.com/img/projects/taylor/design-device-slide-4.png]
[buzzworthystudio.com/project-taylor.html]
[buzzworthystudio.com/img/projects/modernmd/hero-icon.png]
[buzzworthystudio.com/img/projects/modernmd/hp-animation.mp4]
[buzzworthystudio.com/img/projects/modernmd/hp-animation.jpg]
[buzzworthystudio.com/img/projects/modernmd/icon-story.svg]
[buzzworthystudio.com/img/projects/modernmd/story-shape.png]
[buzzworthystudio.com/img/projects/modernmd/story-img-1.jpg]
[buzzworthystudio.com/img/projects/modernmd/story-img-2.jpg]
[buzzworthystudio.com/img/projects/modernmd/story-md-icon.png]
[buzzworthystudio.com/img/projects/modernmd/ux-wireframe.png]
[buzzworthystudio.com/img/projects/modernmd/icon-ux.svg]
[buzzworthystudio.com/img/projects/modernmd/ux-parallax.png]
[buzzworthystudio.com/img/projects/modernmd/design-shape.png]
[buzzworthystudio.com/img/projects/modernmd/design-icons.png]
[buzzworthystudio.com/img/projects/modernmd/icon-design.svg]
[buzzworthystudio.com/img/projects/modernmd/design-search.svg]
[buzzworthystudio.com/img/projects/modernmd/design-typo.png]
[buzzworthystudio.com/img/projects/modernmd/design-slide-1.png]
[buzzworthystudio.com/img/projects/modernmd/design-slide-2.png]
[buzzworthystudio.com/img/projects/modernmd/design-slide-3.png]
[buzzworthystudio.com/img/projects/modernmd/design-color.png]
[buzzworthystudio.com/img/projects/modernmd/design-pic-1.jpg]
[buzzworthystudio.com/img/projects/modernmd/design-pic-2.jpg]
[buzzworthystudio.com/img/projects/modernmd/design-pic-3.jpg]
[buzzworthystudio.com/img/projects/modernmd/design-pic-4.jpg]
[buzzworthystudio.com/img/projects/modernmd/design-pic-5.jpg]
[buzzworthystudio.com/img/projects/modernmd/design-pic-6.jpg]
[buzzworthystudio.com/img/projects/modernmd/design-ui-1.png]
[buzzworthystudio.com/img/projects/modernmd/design-ui-2.png]
[buzzworthystudio.com/img/projects/modernmd/design-ui-3.png]
[buzzworthystudio.com/img/projects/modernmd/design-final-prev.png]
[buzzworthystudio.com/img/projects/storyverse/icon-develop.svg]
[buzzworthystudio.com/project-modernmd.html]
[buzzworthystudio.com/img/projects/storyverse/prototype.mp4]
[buzzworthystudio.com/img/projects/storyverse/prototype.jpg]
[buzzworthystudio.com/img/projects/storyverse/icon-story.svg]
[buzzworthystudio.com/img/projects/storyverse/story-device.png]
[buzzworthystudio.com/img/projects/storyverse/story-typo.png]
[buzzworthystudio.com/img/projects/storyverse/ux-spider.png]
[buzzworthystudio.com/img/projects/storyverse/design-picture.jpg]
[buzzworthystudio.com/img/projects/storyverse/design-font.png]
[buzzworthystudio.com/img/projects/storyverse/design-color.png]
[buzzworthystudio.com/img/projects/storyverse/design-device-slide-1.png]
[buzzworthystudio.com/img/projects/storyverse/design-device-slide-2.png]
[buzzworthystudio.com/project-storyverse.html]
[buzzworthystudio.com/img/projects/storyverse/design-device-slide-3.png]
[buzzworthystudio.com/img/projects/gts/icon-story.svg]
[buzzworthystudio.com/img/projects/gts/story-prototype.mp4]
[buzzworthystudio.com/img/projects/gts/story-prototype.jpg]
[buzzworthystudio.com/img/projects/gts/story-img-boxes.png]
[buzzworthystudio.com/img/projects/gts/icon-design.svg]
[buzzworthystudio.com/img/projects/gts/design-full-img.jpg]
[buzzworthystudio.com/img/projects/gts/design-color.png]
[buzzworthystudio.com/img/projects/gts/design-font.png]
[buzzworthystudio.com/img/projects/gts/design-hiring.png]
[buzzworthystudio.com/img/projects/gts/design-screenshot.jpg]
[buzzworthystudio.com/img/projects/gts/design-ipad.png]
[buzzworthystudio.com/img/projects/gts/design-video.png]
[buzzworthystudio.com/img/projects/gts/icon-develop.svg]
[buzzworthystudio.com/project-gts.html]
[buzzworthystudio.com/img/projects/hennessey/logo-animation.gif]
[buzzworthystudio.com/img/projects/hennessey/icon-story.svg]
[buzzworthystudio.com/img/projects/hennessey/story-iphone.png]
[buzzworthystudio.com/img/projects/hennessey/story-icon.png]
[buzzworthystudio.com/img/projects/hennessey/ux-wireframe.png]
[buzzworthystudio.com/img/projects/hennessey/icon-ux.svg]
[buzzworthystudio.com/img/projects/hennessey/icon-design.svg]
[buzzworthystudio.com/img/projects/hennessey/design-imac.png]
[buzzworthystudio.com/img/projects/hennessey/design-color.png]
[buzzworthystudio.com/img/projects/hennessey/design-logo-concept.png]
[buzzworthystudio.com/img/projects/hennessey/design-stamp.png]
[buzzworthystudio.com/img/projects/hennessey/design-logo-cut.png]
[buzzworthystudio.com/img/projects/hennessey/design-logo-versions.png]
[buzzworthystudio.com/img/projects/hennessey/design-letterhead.png]
[buzzworthystudio.com/img/projects/hennessey/design-screen-back.jpg]
[buzzworthystudio.com/img/projects/hennessey/design-bc.png]
[buzzworthystudio.com/project-hennessey.html]
[buzzworthystudio.com/img/blog/img-arrow.html]
[buzzworthystudio.com/img/img-arrow.svg]
[buzzworthystudio.com/img/video-play-icon.svg]
[buzzworthystudio.com/img/video-close-icon.svg]
[buzzworthystudio.com/img/projects/helias/sale-arrow.svg]
[buzzworthystudio.com/img/projects/snooze/img-arrow.svg]
[buzzworthystudio.com/img/projects/snooze/sale-arrow.svg]
[buzzworthystudio.com/img/projects/storyverse/img-arrow.svg]
[buzzworthystudio.com/img/projects/storyverse/ux-skew.svg]
[buzzworthystudio.com/img/projects/modernmd/img-arrow.svg]
[buzzworthystudio.com/img/projects/taylor/img-arrow.svg]
[buzzworthystudio.com/img/projects/taylor/bg-parallax.html]
[buzzworthystudio.com/img/projects/cornerstone/img-arrow.svg]
[buzzworthystudio.com/img/projects/allpro/img-arrow.svg]
[buzzworthystudio.com/img/projects/allpro/video-play-icon.svg]
[buzzworthystudio.com/img/projects/allpro/striped-circle.svg]
[buzzworthystudio.com/img/projects/gts/img-arrow.svg]
[buzzworthystudio.com/img/projects/hennessey/img-arrow.svg]
[buzzworthystudio.com/img/form/ui-slider-left.svg]
[buzzworthystudio.com/img/form/ui-slider-right.svg]
[buzzworthystudio.com/img/projects/hennessey/design-screen-front.png]
[buzzworthystudio.com/img/wip-hero-bg.png]
[buzzworthystudio.com/img/_svg/social-facebook.svg]
[buzzworthystudio.com/img/_svg/social-buzzworthy.svg]
[buzzworthystudio.com/img/_svg/social-instagram.svg]
[buzzworthystudio.com/img/_svg/social-twitter.svg]
[buzzworthystudio.com/img/_svg/social-dribbble.svg]
[buzzworthystudio.com/img/_svg/social-behance.svg]
[buzzworthystudio.com/img/_svg/social-linkedin.svg]
[buzzworthystudio.com/img/form-close.svg]
[buzzworthystudio.com/img/form/icon-website.svg]
[buzzworthystudio.com/img/form/icon-ecommerce.svg]
[buzzworthystudio.com/img/form/icon-brand.svg]
[buzzworthystudio.com/img/form/icon-chat.svg]
[buzzworthystudio.com/img/form/icon-web-design.svg]
[buzzworthystudio.com/img/form/icon-web-code.svg]
[buzzworthystudio.com/img/form/icon-web-both.svg]
[buzzworthystudio.com/img/_svg/icon-swipe.svg]
[buzzworthystudio.com/img/_svg/icon-swipe-hand.svg]
[buzzworthystudio.com/img/team/team-cap-animation.gif]
[buzzworthystudio.com/img/funzone/studio-video.mp4]
[buzzworthystudio.com/img/funzone/wework-creative-hp.html]
[buzzworthystudio.com/img/funzone/rr-prototype.mp4]
[buzzworthystudio.com/img/funzone/hp-refined.mp4]
[buzzworthystudio.com/img/projects/helias/scroll.mp4]
[buzzworthystudio.com/img/projects/helias/awwwards-logo.svg]
[buzzworthystudio.com/img/projects/helias/cssda-logo.svg]
[buzzworthystudio.com/img/projects/helias/fwa-logo.svg]
[buzzworthystudio.com/img/projects/helias/img-arrow.svg]
[buzzworthystudio.com/img/projects/snooze/alarm.svg]
[buzzworthystudio.com/img/projects/snooze/challenge-moon.svg]
[buzzworthystudio.com/img/projects/snooze/website-oat.svg]
[buzzworthystudio.com/img/projects/snooze/customers-icon.svg]
[buzzworthystudio.com/img/projects/snooze/smile-blue.svg]
[buzzworthystudio.com/img/projects/betches/betches-white.svg]
[buzzworthystudio.com/img/projects/betches/icon-story.svg]
[buzzworthystudio.com/img/projects/betches/story-logo.svg]
[buzzworthystudio.com/img/projects/betches/icon-ux.svg]
[buzzworthystudio.com/img/projects/betches/icon-design.svg]
[buzzworthystudio.com/img/projects/betches/icon-develop.svg]
[buzzworthystudio.com/img/projects/betches/img-arrow.svg]
[buzzworthystudio.com/img/projects/allpro/icon-story.svg]
[buzzworthystudio.com/img/projects/allpro/icon-ux.svg]
[buzzworthystudio.com/img/projects/allpro/icon-design.svg]
[buzzworthystudio.com/img/projects/allpro/icon-develop.svg]
[buzzworthystudio.com/img/projects/img-arrow.svg]
[buzzworthystudio.com/img/projects/cornerstone/icon-story.svg]
[buzzworthystudio.com/img/projects/cornerstone/icon-ux.svg]
[buzzworthystudio.com/img/projects/cornerstone/icon-design.svg]
[buzzworthystudio.com/img/projects/cornerstone/design-ui-1-icon.svg]
[buzzworthystudio.com/img/projects/cornerstone/design-ui-1-circle.svg]
[buzzworthystudio.com/img/projects/cornerstone/design-ui-2-icon.svg]
[buzzworthystudio.com/img/projects/cornerstone/icon-develop.svg]
[buzzworthystudio.com/img/projects/taylor/logo-white.svg]
[buzzworthystudio.com/img/projects/taylor/icon-story.svg]
[buzzworthystudio.com/img/projects/taylor/icon-ux.svg]
[buzzworthystudio.com/img/projects/taylor/icon-design.svg]
[buzzworthystudio.com/img/projects/modernmd/icon-story.svg]
[buzzworthystudio.com/img/projects/modernmd/icon-ux.svg]
[buzzworthystudio.com/img/projects/modernmd/icon-design.svg]
[buzzworthystudio.com/img/projects/modernmd/design-search.svg]
[buzzworthystudio.com/img/projects/storyverse/icon-develop.svg]
[buzzworthystudio.com/img/projects/storyverse/icon-story.svg]
[buzzworthystudio.com/img/projects/gts/icon-story.svg]
[buzzworthystudio.com/img/projects/gts/icon-design.svg]
[buzzworthystudio.com/img/projects/gts/icon-develop.svg]
[buzzworthystudio.com/img/projects/hennessey/icon-story.svg]
[buzzworthystudio.com/img/projects/hennessey/icon-ux.svg]
[buzzworthystudio.com/img/projects/hennessey/icon-design.svg]
